{smcl}
{com}{sf}{ul off}{txt}{.-}
      name:  {res}<unnamed>
       {txt}log:  {res}/Users/macbook/Desktop/MSc program/exchange/ARF/lab2.smcl
  {txt}log type:  {res}smcl
 {txt}opened on:  {res}16 Nov 2023, 15:42:30

{com}. 
. import excel "/Users/macbook/Desktop/MSc program/exchange/ARF/lab2_data.xlsx", sheet("Sheet1") firstrow
{res}{text}(9 vars, 3,808 obs)

{com}. xtset ID Year
{res}
{col 1}{txt:Panel variable: }{res:ID}{txt: (strongly balanced)}
{p 1 16 2}{txt:Time variable: }{res:Year}{txt:, }{res:{bind:2000}}{txt: to }{res:{bind:2014}}{txt:, but with gaps}{p_end}
{txt}{col 10}Delta: {res}1 unit

{com}. 
. generate se2tw=Securities/TotalNetWealth

. regress se2tw FinancialWealth RealEstate Business Liabilily Gender
{err}variable {bf}Liabilily{sf} not found
{txt}{search r(111), local:r(111);}

{com}. regress se2tw FinancialWealth RealEstate Business Liability Gender

{txt}      Source {c |}       SS           df       MS      Number of obs   ={res}     3,808
{txt}{hline 13}{c +}{hline 34}   F(5, 3802)      = {res}    27.39
{txt}       Model {c |} {res} 4.96584734         5  .993169467   {txt}Prob > F        ={res}    0.0000
{txt}    Residual {c |} {res} 137.879195     3,802  .036264912   {txt}R-squared       ={res}    0.0348
{txt}{hline 13}{c +}{hline 34}   Adj R-squared   ={res}    0.0335
{txt}       Total {c |} {res} 142.845042     3,807  .037521682   {txt}Root MSE        =   {res} .19043

{txt}{hline 13}{c TT}{hline 11}{hline 11}{hline 9}{hline 8}{hline 13}{hline 12}
{col 1}       se2tw{col 14}{c |} Coefficient{col 26}  Std. err.{col 38}      t{col 46}   P>|t|{col 54}     [95% con{col 67}f. interval]
{hline 13}{c +}{hline 11}{hline 11}{hline 9}{hline 8}{hline 13}{hline 12}
FinancialW~h {c |}{col 14}{res}{space 2} 2.18e-07{col 26}{space 2} 2.02e-08{col 37}{space 1}   10.76{col 46}{space 3}0.000{col 54}{space 4} 1.78e-07{col 67}{space 3} 2.57e-07
{txt}{space 2}RealEstate {c |}{col 14}{res}{space 2}-6.00e-08{col 26}{space 2} 9.73e-09{col 37}{space 1}   -6.17{col 46}{space 3}0.000{col 54}{space 4}-7.91e-08{col 67}{space 3}-4.09e-08
{txt}{space 4}Business {c |}{col 14}{res}{space 2}-1.33e-08{col 26}{space 2} 1.65e-08{col 37}{space 1}   -0.81{col 46}{space 3}0.421{col 54}{space 4}-4.58e-08{col 67}{space 3} 1.91e-08
{txt}{space 3}Liability {c |}{col 14}{res}{space 2}-1.03e-07{col 26}{space 2} 4.79e-08{col 37}{space 1}   -2.15{col 46}{space 3}0.032{col 54}{space 4}-1.97e-07{col 67}{space 3}-9.01e-09
{txt}{space 6}Gender {c |}{col 14}{res}{space 2} .0188082{col 26}{space 2} .0062944{col 37}{space 1}    2.99{col 46}{space 3}0.003{col 54}{space 4} .0064675{col 67}{space 3} .0311489
{txt}{space 7}_cons {c |}{col 14}{res}{space 2} .0502843{col 26}{space 2}  .005289{col 37}{space 1}    9.51{col 46}{space 3}0.000{col 54}{space 4} .0399148{col 67}{space 3} .0606538
{txt}{hline 13}{c BT}{hline 11}{hline 11}{hline 9}{hline 8}{hline 13}{hline 12}
{res}
{com}. xtreg se2tw FinancialWealth RealEstate Business Liability Gender, fe
{txt}{p 0 6 2}note: {bf:Gender} omitted because of collinearity.{p_end}
{res}
{txt}Fixed-effects (within) regression{col 49}Number of obs{col 67}={col 69}{res}     3,808
{txt}Group variable: {res}ID{txt}{col 49}Number of groups{col 67}={col 69}{res}       476

{txt}R-squared:{col 49}Obs per group:
     Within  = {res}0.0124{col 63}{txt}min{col 67}={col 69}{res}         8
{txt}     Between = {res}0.0478{col 63}{txt}avg{col 67}={col 69}{res}       8.0
{txt}     Overall = {res}0.0229{col 63}{txt}max{col 67}={col 69}{res}         8

{txt}{col 49}F({res}4{txt}, {res}3328{txt}){col 67}={col 70}{res}    10.45
{txt}corr(u_i, Xb) = {res}0.0474{txt}{col 49}Prob > F{col 67}={col 73}{res}0.0000

{txt}{hline 13}{c TT}{hline 11}{hline 11}{hline 9}{hline 8}{hline 13}{hline 12}
{col 1}       se2tw{col 14}{c |} Coefficient{col 26}  Std. err.{col 38}      t{col 46}   P>|t|{col 54}     [95% con{col 67}f. interval]
{hline 13}{c +}{hline 11}{hline 11}{hline 9}{hline 8}{hline 13}{hline 12}
FinancialW~h {c |}{col 14}{res}{space 2} 1.08e-07{col 26}{space 2} 2.26e-08{col 37}{space 1}    4.80{col 46}{space 3}0.000{col 54}{space 4} 6.41e-08{col 67}{space 3} 1.53e-07
{txt}{space 2}RealEstate {c |}{col 14}{res}{space 2}-5.98e-08{col 26}{space 2} 1.47e-08{col 37}{space 1}   -4.07{col 46}{space 3}0.000{col 54}{space 4}-8.87e-08{col 67}{space 3}-3.10e-08
{txt}{space 4}Business {c |}{col 14}{res}{space 2}-3.60e-08{col 26}{space 2} 2.16e-08{col 37}{space 1}   -1.67{col 46}{space 3}0.096{col 54}{space 4}-7.85e-08{col 67}{space 3} 6.39e-09
{txt}{space 3}Liability {c |}{col 14}{res}{space 2}-4.01e-08{col 26}{space 2} 4.68e-08{col 37}{space 1}   -0.86{col 46}{space 3}0.391{col 54}{space 4}-1.32e-07{col 67}{space 3} 5.16e-08
{txt}{space 6}Gender {c |}{col 14}{res}{space 2}        0{col 26}{txt}  (omitted)
{space 7}_cons {c |}{col 14}{res}{space 2} .0666725{col 26}{space 2} .0050996{col 37}{space 1}   13.07{col 46}{space 3}0.000{col 54}{space 4} .0566737{col 67}{space 3} .0766712
{txt}{hline 13}{c +}{hline 11}{hline 11}{hline 9}{hline 8}{hline 13}{hline 12}
     sigma_u {c |} {res} .10713661
     {txt}sigma_e {c |} {res} .16989068
         {txt}rho {c |} {res} .28453002{txt}   (fraction of variance due to u_i)
{hline 13}{c BT}{hline 64}
F test that all u_i=0: F({res}475{txt}, {res}3328{txt}) = {res}3.07{col 62}{txt}Prob > F = {res}0.0000

{com}. estimates store results_fe

. {res}{com}predict u_fe, u

. {res}{com}xtreg se2tw FinancialWealth RealEstate Business Liability Gender, re
{res}
{txt}Random-effects GLS regression                   Number of obs     = {res}     3,808
{txt}Group variable: {res}ID                              {txt}Number of groups  = {res}       476

{txt}R-squared:                                      Obs per group:
     Within  = {res}0.0116                                         {txt}min = {res}         8
{txt}     Between = {res}0.1015                                         {txt}avg = {res}       8.0
{txt}     Overall = {res}0.0337                                         {txt}max = {res}         8

                                                {txt}Wald chi2({res}5{txt})      =  {res}    77.91
{txt}corr(u_i, X) = {res}0{txt} (assumed)                      Prob > chi2       =     {res}0.0000

{txt}{hline 13}{c TT}{hline 11}{hline 11}{hline 9}{hline 8}{hline 13}{hline 12}
{col 1}       se2tw{col 14}{c |} Coefficient{col 26}  Std. err.{col 38}      z{col 46}   P>|z|{col 54}     [95% con{col 67}f. interval]
{hline 13}{c +}{hline 11}{hline 11}{hline 9}{hline 8}{hline 13}{hline 12}
FinancialW~h {c |}{col 14}{res}{space 2} 1.59e-07{col 26}{space 2} 2.06e-08{col 37}{space 1}    7.70{col 46}{space 3}0.000{col 54}{space 4} 1.18e-07{col 67}{space 3} 1.99e-07
{txt}{space 2}RealEstate {c |}{col 14}{res}{space 2}-5.44e-08{col 26}{space 2} 1.14e-08{col 37}{space 1}   -4.79{col 46}{space 3}0.000{col 54}{space 4}-7.66e-08{col 67}{space 3}-3.21e-08
{txt}{space 4}Business {c |}{col 14}{res}{space 2}-2.15e-08{col 26}{space 2} 1.79e-08{col 37}{space 1}   -1.20{col 46}{space 3}0.232{col 54}{space 4}-5.66e-08{col 67}{space 3} 1.37e-08
{txt}{space 3}Liability {c |}{col 14}{res}{space 2}-6.57e-08{col 26}{space 2} 4.54e-08{col 37}{space 1}   -1.45{col 46}{space 3}0.148{col 54}{space 4}-1.55e-07{col 67}{space 3} 2.33e-08
{txt}{space 6}Gender {c |}{col 14}{res}{space 2} .0198983{col 26}{space 2} .0096247{col 37}{space 1}    2.07{col 46}{space 3}0.039{col 54}{space 4} .0010343{col 67}{space 3} .0387623
{txt}{space 7}_cons {c |}{col 14}{res}{space 2}  .050884{col 26}{space 2}  .007813{col 37}{space 1}    6.51{col 46}{space 3}0.000{col 54}{space 4} .0355708{col 67}{space 3} .0661972
{txt}{hline 13}{c +}{hline 11}{hline 11}{hline 9}{hline 8}{hline 13}{hline 12}
     sigma_u {c |} {res} .08339199
     {txt}sigma_e {c |} {res} .16989068
         {txt}rho {c |} {res} .19415952{txt}   (fraction of variance due to u_i)
{hline 13}{c BT}{hline 64}

{com}. estimates store results_re

. {res}{com}hausman results_fe results_re

{txt}{col 18}{hline 4} Coefficients {hline 4}
{col 14}{c |}{col 21}(b){col 34}(B){col 49}(b-B){col 59}sqrt(diag(V_b-V_B))
{col 14}{c |}{col 17} results_fe {col 30} results_re {col 46}Difference{col 63}Std. err.
{hline 13}{c +}{hline 64}
FinancialW~h {c |}{res}{col 18} 1.08e-07{col 31} 1.59e-07{col 47}-5.03e-08{col 63} 9.25e-09
{txt}{space 2}RealEstate {c |}{res}{col 18}-5.98e-08{col 31}-5.44e-08{col 47}-5.45e-09{col 63} 9.35e-09
{txt}{space 4}Business {c |}{res}{col 18}-3.60e-08{col 31}-2.15e-08{col 47}-1.46e-08{col 63} 1.21e-08
{txt}{space 3}Liability {c |}{res}{col 18}-4.01e-08{col 31}-6.57e-08{col 47} 2.55e-08{col 63} 1.13e-08
{txt}{hline 13}{c BT}{hline 64}
{ralign 78:b = Consistent under H0 and Ha; obtained from {bf:xtreg}.}
{ralign 78:B = Inconsistent under Ha, efficient under H0; obtained from {bf:xtreg}.}

Test of H0: Difference in coefficients not systematic

{ralign 11:chi2({res:4})} = (b-B)'[(V_b-V_B)^(-1)](b-B)
{ralign 11:} = {res:{ralign 6:34.33}}
{ralign 11:Prob > chi2} = {res:{ralign 6:0.0000}}

{com}. {res}{com}xtreg se2tw FinancialWealth RealEstate Business Liability Gender i.Year, fe
{txt}{p 0 6 2}note: {bf:Gender} omitted because of collinearity.{p_end}
{res}
{txt}Fixed-effects (within) regression{col 49}Number of obs{col 67}={col 69}{res}     3,808
{txt}Group variable: {res}ID{txt}{col 49}Number of groups{col 67}={col 69}{res}       476

{txt}R-squared:{col 49}Obs per group:
     Within  = {res}0.0177{col 63}{txt}min{col 67}={col 69}{res}         8
{txt}     Between = {res}0.0706{col 63}{txt}avg{col 67}={col 69}{res}       8.0
{txt}     Overall = {res}0.0299{col 63}{txt}max{col 67}={col 69}{res}         8

{txt}{col 49}F({res}11{txt}, {res}3321{txt}){col 67}={col 70}{res}     5.45
{txt}corr(u_i, Xb) = {res}0.0784{txt}{col 49}Prob > F{col 67}={col 73}{res}0.0000

{txt}{hline 13}{c TT}{hline 11}{hline 11}{hline 9}{hline 8}{hline 13}{hline 12}
{col 1}       se2tw{col 14}{c |} Coefficient{col 26}  Std. err.{col 38}      t{col 46}   P>|t|{col 54}     [95% con{col 67}f. interval]
{hline 13}{c +}{hline 11}{hline 11}{hline 9}{hline 8}{hline 13}{hline 12}
FinancialW~h {c |}{col 14}{res}{space 2} 1.12e-07{col 26}{space 2} 2.26e-08{col 37}{space 1}    4.96{col 46}{space 3}0.000{col 54}{space 4} 6.79e-08{col 67}{space 3} 1.57e-07
{txt}{space 2}RealEstate {c |}{col 14}{res}{space 2}-4.31e-08{col 26}{space 2} 1.54e-08{col 37}{space 1}   -2.80{col 46}{space 3}0.005{col 54}{space 4}-7.33e-08{col 67}{space 3}-1.29e-08
{txt}{space 4}Business {c |}{col 14}{res}{space 2}-3.39e-08{col 26}{space 2} 2.16e-08{col 37}{space 1}   -1.57{col 46}{space 3}0.117{col 54}{space 4}-7.63e-08{col 67}{space 3} 8.53e-09
{txt}{space 3}Liability {c |}{col 14}{res}{space 2}-4.96e-08{col 26}{space 2} 4.68e-08{col 37}{space 1}   -1.06{col 46}{space 3}0.290{col 54}{space 4}-1.41e-07{col 67}{space 3} 4.22e-08
{txt}{space 6}Gender {c |}{col 14}{res}{space 2}        0{col 26}{txt}  (omitted)
{space 12} {c |}
{space 8}Year {c |}
{space 7}2002  {c |}{col 14}{res}{space 2} -.027844{col 26}{space 2} .0110119{col 37}{space 1}   -2.53{col 46}{space 3}0.011{col 54}{space 4}-.0494348{col 67}{space 3}-.0062533
{txt}{space 7}2004  {c |}{col 14}{res}{space 2}-.0220099{col 26}{space 2} .0110612{col 37}{space 1}   -1.99{col 46}{space 3}0.047{col 54}{space 4}-.0436973{col 67}{space 3}-.0003224
{txt}{space 7}2006  {c |}{col 14}{res}{space 2}-.0342832{col 26}{space 2}  .011243{col 37}{space 1}   -3.05{col 46}{space 3}0.002{col 54}{space 4}-.0563271{col 67}{space 3}-.0122393
{txt}{space 7}2008  {c |}{col 14}{res}{space 2}-.0391772{col 26}{space 2} .0112557{col 37}{space 1}   -3.48{col 46}{space 3}0.001{col 54}{space 4}-.0612459{col 67}{space 3}-.0171084
{txt}{space 7}2010  {c |}{col 14}{res}{space 2}-.0343857{col 26}{space 2} .0112802{col 37}{space 1}   -3.05{col 46}{space 3}0.002{col 54}{space 4}-.0565025{col 67}{space 3}-.0122688
{txt}{space 7}2012  {c |}{col 14}{res}{space 2}-.0347373{col 26}{space 2} .0112514{col 37}{space 1}   -3.09{col 46}{space 3}0.002{col 54}{space 4}-.0567976{col 67}{space 3} -.012677
{txt}{space 7}2014  {c |}{col 14}{res}{space 2}-.0382193{col 26}{space 2} .0111442{col 37}{space 1}   -3.43{col 46}{space 3}0.001{col 54}{space 4}-.0600695{col 67}{space 3}-.0163691
{txt}{space 12} {c |}
{space 7}_cons {c |}{col 14}{res}{space 2} .0906383{col 26}{space 2} .0083051{col 37}{space 1}   10.91{col 46}{space 3}0.000{col 54}{space 4} .0743548{col 67}{space 3} .1069219
{txt}{hline 13}{c +}{hline 11}{hline 11}{hline 9}{hline 8}{hline 13}{hline 12}
     sigma_u {c |} {res} .10675588
     {txt}sigma_e {c |} {res} .16961091
         {txt}rho {c |} {res} .28375225{txt}   (fraction of variance due to u_i)
{hline 13}{c BT}{hline 64}
F test that all u_i=0: F({res}475{txt}, {res}3321{txt}) = {res}3.08{col 62}{txt}Prob > F = {res}0.0000

{com}. putexcel set "/Users/macbook/Desktop/MSc program/exchange/ARF/results_lab2.xlsx"
{res}
{com}. outfile using "/Users/macbook/Desktop/MSc program/exchange/ARF/results_lab2.raw", replace
{txt}{p 0 4 2}
(file {bf}
/Users/macbook/Desktop/MSc program/exchange/ARF/results_lab2.raw{rm}
not found)
{p_end}

{com}. outfile using "/Users/macbook/Desktop/MSc program/exchange/ARF/results_lab2.raw", replace

. export delimited using "/Users/macbook/Desktop/MSc program/exchange/ARF/Untitled.csv", replace
{res}{txt}{p 0 4 2}
(file {bf}
/Users/macbook/Desktop/MSc program/exchange/ARF/Untitled.csv{rm}
not found)
{p_end}
{txt}file {bf:/Users/macbook/Desktop/MSc program/exchange/ARF/Untitled.csv} saved

{com}. export delimited using "/Users/macbook/Desktop/MSc program/exchange/ARF/Untitled.csv", replace
{res}{txt}file {bf:/Users/macbook/Desktop/MSc program/exchange/ARF/Untitled.csv} saved

{com}. putexcel set "/Users/macbook/Desktop/MSc program/exchange/ARF/results_lab2.xlsx"
{res}
{com}. log close
      {txt}name:  {res}<unnamed>
       {txt}log:  {res}/Users/macbook/Desktop/MSc program/exchange/ARF/lab2.smcl
  {txt}log type:  {res}smcl
 {txt}closed on:  {res}17 Nov 2023, 12:46:24
{txt}{.-}
{smcl}
{txt}{sf}{ul off}